<html>

	<body>

		<div bl-attrremove="">attr removing</div>
		<div bl-attradd="" myattr="myvalue">attr adding</div>
		<div bl-classremove="" class="">class removing</div>
		<div bl-classadd="" class="myaddedclass">attr removing</div>
	</body>
</html>