<html>

	<body>
    <div ng-show="foo && bar()">1 & 2 && 3</div>
		<div>Goodbye</div>
	</body>
</html>