<html>

	<body>

		<div myattr>attr removing</div>
		<div>attr adding</div>
		<div class="hello">class removing</div>
		<div>attr removing</div>
	</body>
</html>