<html>

	<body>
    <div ng-show="foo && bar()">1 & 2 && 3</div>
		<div ng-hide="a && b || c">Hello & hi</div>
	</body>
</html>